// Jest Snapshot v1, https://goo.gl/fbAQLP

exports[`MovieList Component matches snapshot 1`] = `
<DocumentFragment>
  <div
    class="movie-list"
  >
    <div
      class="movie-item false"
      data-testid="movie-item"
    >
      <div
        class="movie-id"
      >
        Episode 
      </div>
      <div
        class="movie-title"
      >
        Episode  - Test
      </div>
      <div
        class="movie-rating"
      >
        <div
          class="rating"
        >
          N/A
        </div>
      </div>
      <div
        class="movie-release-date"
      />
    </div>
  </div>
</DocumentFragment>
`;
